[16-Aug-2025 15:38:29 Asia/Jakarta] PHP Fatal error:  Uncaught mysqli_sql_exception: Data too long for column 'evctnm_countname' at row 1 in /home/gkirahadb/htdocs/gkirahadb.my.id/public/churchcrm/Include/Functions.php:175
Stack trace:
#0 /home/gkirahadb/htdocs/gkirahadb.my.id/public/churchcrm/Include/Functions.php(175): mysqli_query()
#1 /home/gkirahadb/htdocs/gkirahadb.my.id/public/churchcrm/EventNames.php(71): RunQuery()
#2 {main}
  thrown in /home/gkirahadb/htdocs/gkirahadb.my.id/public/churchcrm/Include/Functions.php on line 175
[16-Aug-2025 15:38:37 Asia/Jakarta] PHP Fatal error:  Uncaught mysqli_sql_exception: Data too long for column 'evctnm_countname' at row 1 in /home/gkirahadb/htdocs/gkirahadb.my.id/public/churchcrm/Include/Functions.php:175
Stack trace:
#0 /home/gkirahadb/htdocs/gkirahadb.my.id/public/churchcrm/Include/Functions.php(175): mysqli_query()
#1 /home/gkirahadb/htdocs/gkirahadb.my.id/public/churchcrm/EventNames.php(71): RunQuery()
#2 {main}
  thrown in /home/gkirahadb/htdocs/gkirahadb.my.id/public/churchcrm/Include/Functions.php on line 175
[16-Aug-2025 15:40:13 Asia/Jakarta] PHP Fatal error:  Uncaught mysqli_sql_exception: Data too long for column 'evctnm_countname' at row 1 in /home/gkirahadb/htdocs/gkirahadb.my.id/public/churchcrm/Include/Functions.php:175
Stack trace:
#0 /home/gkirahadb/htdocs/gkirahadb.my.id/public/churchcrm/Include/Functions.php(175): mysqli_query()
#1 /home/gkirahadb/htdocs/gkirahadb.my.id/public/churchcrm/EventNames.php(71): RunQuery()
#2 {main}
  thrown in /home/gkirahadb/htdocs/gkirahadb.my.id/public/churchcrm/Include/Functions.php on line 175
[16-Aug-2025 15:41:28 Asia/Jakarta] PHP Fatal error:  Uncaught mysqli_sql_exception: Data too long for column 'evctnm_countname' at row 1 in /home/gkirahadb/htdocs/gkirahadb.my.id/public/churchcrm/Include/Functions.php:175
Stack trace:
#0 /home/gkirahadb/htdocs/gkirahadb.my.id/public/churchcrm/Include/Functions.php(175): mysqli_query()
#1 /home/gkirahadb/htdocs/gkirahadb.my.id/public/churchcrm/EventNames.php(71): RunQuery()
#2 {main}
  thrown in /home/gkirahadb/htdocs/gkirahadb.my.id/public/churchcrm/Include/Functions.php on line 175
